// Jest Snapshot v1, https://goo.gl/fbAQLP

exports[`android can setup with global config 1`] = `
Array [
  "name/ti/camel",
]
`;

exports[`android can setup with global config 2`] = `
"/**
 * ⚠️ DO NOT MODIFY ⚠️
 * this file is auto generated using elements-design-tokens
 *
 * See https://github.com/elementsinteractive/design-tokens for more info
 */
package org.example.design.base

import androidx.compose.ui.graphics.Color

val primaryDefault = Color(0xffffffff)

val primaryBackground = Color(0xfff4f4f4)

val primaryVariant = Color(0xff000000)

val secondary = Color(0xffff495b)

val secondaryVariant = Color(0xfff4f4f4)

val surface = Color(0xffffffff)

val onPrimary = Color(0xffffffff)

val onSecondary = Color(0xff000000)

val onBackground = Color(0xff000000)

val onSurface = Color(0xff000000)

val purple = Color(0xff5048da)

val white = Color(0xffffffff)

val pink = Color(0xffff495b)

val black = Color(0xff000000)

val lightGray = Color(0xfff4f4f4)

"
`;

exports[`android can setup with global config 3`] = `
"/**
 * ⚠️ DO NOT MODIFY ⚠️
 * this file is auto generated using elements-design-tokens
 *
 * See https://github.com/elementsinteractive/design-tokens for more info
 */
package org.example.design.base

import .SpacingTokens

object Spacings : SpacingTokens {
  override val xxxs = 4
  override val xxs = 8
  override val xs = 12
  override val s = 16
  override val m = 24
  override val l = 32
  override val xl = 48
  override val xxl = 200
}"
`;

exports[`android can setup with global config 4`] = `
"/**
 * ⚠️ DO NOT MODIFY ⚠️
 * this file is auto generated using elements-design-tokens
 *
 * See https://github.com/elementsinteractive/design-tokens for more info
 */
package org.example.design.base

import androidx.compose.material.Typography
import androidx.compose.ui.text.TextStyle
import androidx.compose.ui.text.font.FontWeight
import androidx.compose.ui.unit.sp

val h1 = TextStyle(
    fontWeight = FontWeight.Light,
    fontSize = 96.sp,
    letterSpacing = (-1.5).sp,
)

val h2 = TextStyle(
    fontWeight = FontWeight.Light,
    fontSize = 60.sp,
    letterSpacing = (-0.5).sp,
)

val h3 = TextStyle(
    fontWeight = FontWeight.Normal,
    fontSize = 48.sp,
)

val h4 = TextStyle(
    fontWeight = FontWeight.Normal,
    fontSize = 34.sp,
    letterSpacing = (0.25).sp,
)

val h5 = TextStyle(
    fontWeight = FontWeight.Normal,
    fontSize = 24.sp,
)

val h6 = TextStyle(
    fontWeight = FontWeight.Normal,
    fontSize = 20.sp,
    letterSpacing = (0.15).sp,
)

val body1 = TextStyle(
    fontWeight = FontWeight.Normal,
    fontSize = 16.sp,
    letterSpacing = (0.5).sp,
)

val body2 = TextStyle(
    fontWeight = FontWeight.Normal,
    fontSize = 14.sp,
    letterSpacing = (0.25).sp,
)

val subtitle1 = TextStyle(
    fontWeight = FontWeight.Normal,
    fontSize = 16.sp,
    letterSpacing = (0.15).sp,
)

val subtitle2 = TextStyle(
    fontWeight = FontWeight.Normal,
    fontSize = 14.sp,
    letterSpacing = (0.1).sp,
)

val button = TextStyle(
    fontWeight = FontWeight.Medium,
    fontSize = 14.sp,
    letterSpacing = (1.25).sp,
)

val caption = TextStyle(
    fontWeight = FontWeight.Normal,
    fontSize = 12.sp,
    letterSpacing = (0.4).sp,
)

val overline = TextStyle(
    fontWeight = FontWeight.Normal,
    fontSize = 10.sp,
    letterSpacing = (1.5).sp,
)

val AppTypography = Typography(
    h1 = h1,
    h2 = h2,
    h3 = h3,
    h4 = h4,
    h5 = h5,
    h6 = h6,
    body1 = body1,
    body2 = body2,
    subtitle1 = subtitle1,
    subtitle2 = subtitle2,
    button = button,
    caption = caption,
    overline = overline,
)"
`;
