// Jest Snapshot v1, https://goo.gl/fbAQLP

exports[`swiftPackageFormatter creates Package.swift file 1`] = `
"// swift-tools-version:5.3
import PackageDescription

let package = Package(
    name: \\"DesignSystem\\",
    platforms: [.iOS(.v14)],
    products: [
        .library(name: \\"DesignSystem\\", targets: [\\"DesignSystem\\"]),
    ],
    targets: [
        .target(name: \\"DesignSystem\\"),
    ]
)
"
`;
